missing-commodity.journal:2:21: missing-commodity: amount missing commodity
missing-commodity.journal:10:21: missing-commodity: amount missing commodity
missing-commodity.journal:11:20: missing-commodity: amount missing commodity
missing-commodity.journal:11:27: missing-commodity: amount missing commodity
missing-commodity.journal:15:18: missing-commodity: amount missing commodity
missing-commodity.journal:19:3: missing-commodity: amount missing commodity
missing-commodity.journal:21:3: missing-commodity: amount missing commodity
missing-commodity.journal:26:20: missing-commodity: amount missing commodity
missing-commodity.journal:30:20: missing-commodity: amount missing commodity
