multiple-omitted-amounts.journal:2:1: multiple-omitted-amounts: more than one posting has omitted amount
multiple-omitted-amounts.journal:3:1: multiple-omitted-amounts: more than one posting has omitted amount
multiple-omitted-amounts.journal:7:1: multiple-omitted-amounts: more than one posting has omitted amount
multiple-omitted-amounts.journal:8:1: multiple-omitted-amounts: more than one posting has omitted amount
multiple-omitted-amounts.journal:9:1: multiple-omitted-amounts: more than one posting has omitted amount
multiple-omitted-amounts.journal:11:1: multiple-omitted-amounts: more than one posting has omitted amount
