NEWLINE      "\n"                 2:0-2:1
DATE         "2011/01/27"         2:1-2:11
WHITESPACE   " "                  2:11-2:12
TEXT         "Book"               2:12-2:16
WHITESPACE   " "                  2:16-2:17
TEXT         "Store"              2:17-3:0
NEWLINE      "\n"                 3:0-3:1
INDENT       "    "               3:1-3:5
TEXT         "Expenses"           3:5-3:13
COLON        ":"                  3:13-3:14
TEXT         "Books"              3:14-3:19
WHITESPACE   "                       " 3:19-3:42
COMMODITYMARK "$"                  3:42-3:43
DECIMAL      "20.00"              3:43-4:0
NEWLINE      "\n"                 4:0-4:1
INDENT       "    "               4:1-4:5
TEXT         "Liabilities"        4:5-4:16
COLON        ":"                  4:16-4:17
TEXT         "MasterCard"         4:17-5:0
NEWLINE      "\n"                 5:0-5:1
EOF          ""                   5:1-5:1
