Journal
  Transaction j:1:1-4:1
    Date: 2024/01/01
    Payee: "groceries" j:1:12-2:0
    Posting j:2:1-3:1
      Account j:2:5-2:18
        SubAccount: "expenses" j:2:5-2:13
        SubAccount: "food" j:2:14-2:18
      Amount j:2:20-2:20
        Quantity: 10
        Commodity: "$"
        CommodityPos: Before
        HasSpace: false
        Precision: 0
        Decimal: "."
    Posting j:3:1-4:1
      Account j:3:5-4:0
        SubAccount: "assets" j:3:5-3:11
        SubAccount: "checking" j:3:12-4:0
      Amount: <elided>
  Transaction j:5:1-8:1
    Date: 2024/01/02
    Payee: "salary" j:5:12-6:0
    Posting j:6:1-7:1
      Account j:6:5-6:18
        SubAccount: "income" j:6:5-6:11
        SubAccount: "salary" j:6:12-6:18
      Amount j:6:20-6:20
        Quantity: 1000
        Commodity: "$"
        CommodityPos: Before
        HasSpace: false
        Precision: 0
        Decimal: "."
    Posting j:7:1-8:1
      Account j:7:5-8:0
        SubAccount: "assets" j:7:5-7:11
        SubAccount: "checking" j:7:12-8:0
      Amount: <elided>
  Errors
    j:4:1-4:2: unexpected token AT
