Journal
  Transaction j:1:1-2:1
    Date: 2024-01-01
    Payee: "groceries" j:1:12-2:0
  Transaction j:2:1-6:0
    Date: 2026-05-20
    Posting j:3:1-4:1
      Account j:3:3-3:7
        SubAccount: "asdf" j:3:3-3:7
      Amount j:3:9-3:9
        Quantity: 123
        Commodity: "$€£"
        CommodityPos: After
        HasSpace: true
        Precision: 0
        Decimal: "."
    Posting j:4:1-6:0
      Account j:4:3-5:0
        SubAccount: "asdf2" j:4:3-5:0
      Amount: <elided>
  BlankLine j:6:0-6:1
  Transaction j:6:1-9:1
    Date: 2026-05-20
    Posting j:7:1-8:1
      Account j:7:3-7:7
        SubAccount: "asdf" j:7:3-7:7
      Amount j:7:9-7:9
        Quantity: 123
        Commodity: "bytes"
        CommodityPos: After
        HasSpace: true
        Precision: 0
        Decimal: "."
    Posting j:8:1-9:1
      Account j:8:3-9:0
        SubAccount: "asdf2" j:8:3-9:0
      Amount: <elided>
