Journal
  Transaction j:1:1-5:0
    Date: 2002/01/01
    State: "*"
    Payee: "1a1a6305d06ce4b284dba0d267c23f69d70c20be" j:1:14-2:0
    Posting j:2:1-3:1
      Account j:2:5-2:45
        SubAccount: "af0628973ff35bd62ddb048fa41dd8d83c1c46fe" j:2:5-2:45
      Amount j:2:52-2:52
        Quantity: 474.31
        Commodity: "$"
        CommodityPos: Before
        HasSpace: false
        Precision: 2
        Decimal: "."
    Posting j:3:1-5:0
      Account j:3:5-4:0
        SubAccount: "fc6f6f10f627ad1a5af9d488c98405a1498d019d" j:3:5-4:0
      Amount: <elided>
  BlankLine j:5:0-5:1
  Transaction j:5:1-8:1
    Date: 2002/03/01
    State: "*"
    Payee: "9861ce541c17b11f627e71c26bf350b33141f62b" j:5:14-6:0
    Posting j:6:1-7:1
      Account j:6:5-6:45
        SubAccount: "0ecbb1b15e2cf3e515cc0f8533e5bb0fb2326728" j:6:5-6:45
      Amount j:6:53-6:53
        Quantity: 14.91
        Commodity: "$"
        CommodityPos: Before
        HasSpace: false
        Precision: 2
        Decimal: "."
    Posting j:7:1-8:1
      Account j:7:5-8:0
        SubAccount: "fc6f6f10f627ad1a5af9d488c98405a1498d019d" j:7:5-8:0
      Amount: <elided>
