NEWLINE      "\n"                 2:0-2:1
DATE         "2024/01/01"         2:1-2:11
WHITESPACE   " "                  2:11-2:12
STAR         "*"                  2:12-2:13
WHITESPACE   " "                  2:13-2:14
TEXT         "groceries"          2:14-2:23
WHITESPACE   " "                  2:23-2:24
PLUS         "+"                  2:24-2:25
WHITESPACE   " "                  2:25-2:26
TEXT         "water|"             2:26-2:32
WHITESPACE   " "                  2:32-2:33
TEXT         "1"                  2:33-2:34
WHITESPACE   " "                  2:34-2:35
PLUS         "+"                  2:35-2:36
WHITESPACE   " "                  2:36-2:37
TEXT         "2"                  2:37-3:0
NEWLINE      "\n"                 3:0-3:1
DATE         "2024/01/01"         3:1-3:11
WHITESPACE   " "                  3:11-3:12
TEXT         "groceries"          3:12-3:21
WHITESPACE   " "                  3:21-3:22
STAR         "*"                  3:22-3:23
WHITESPACE   " "                  3:23-3:24
TEXT         "water"              3:24-3:29
WHITESPACE   " "                  3:29-3:30
PIPE         "|"                  3:30-3:31
TEXT         "1 * 2"              3:32-4:0
NEWLINE      "\n"                 4:0-4:1
DATE         "2024/01/01"         4:1-4:11
WHITESPACE   " "                  4:11-4:12
TEXT         "groceries"          4:12-4:21
WHITESPACE   " "                  4:21-4:22
BANG         "!"                  4:22-4:23
WHITESPACE   " "                  4:23-4:24
TEXT         "water"              4:24-4:29
WHITESPACE   " "                  4:29-4:30
PIPE         "|"                  4:30-4:31
TEXT         "1 ! 2"              4:32-5:0
NEWLINE      "\n"                 5:0-5:1
DATE         "2024/01/01"         5:1-5:11
WHITESPACE   " "                  5:11-5:12
TEXT         "groceries"          5:12-5:21
WHITESPACE   " "                  5:21-5:22
TEXT         "#"                  5:22-5:23
WHITESPACE   " "                  5:23-5:24
TEXT         "water"              5:24-5:29
WHITESPACE   " "                  5:29-5:30
PIPE         "|"                  5:30-5:31
TEXT         "1 # 2"              5:32-6:0
NEWLINE      "\n"                 6:0-6:1
DATE         "2024/01/01"         6:1-6:11
WHITESPACE   " "                  6:11-6:12
TEXT         "groceries"          6:12-6:21
WHITESPACE   " "                  6:21-6:22
TEXT         "%"                  6:22-6:23
WHITESPACE   " "                  6:23-6:24
TEXT         "water"              6:24-6:29
WHITESPACE   " "                  6:29-6:30
PIPE         "|"                  6:30-6:31
TEXT         "1 % 2"              6:32-7:0
NEWLINE      "\n"                 7:0-7:1
DATE         "2024/01/01"         7:1-7:11
WHITESPACE   " "                  7:11-7:12
TEXT         "groceries"          7:12-7:21
WHITESPACE   " "                  7:21-7:22
TEXT         "^"                  7:22-7:23
WHITESPACE   " "                  7:23-7:24
TEXT         "water"              7:24-7:29
WHITESPACE   " "                  7:29-7:30
PIPE         "|"                  7:30-7:31
TEXT         "1 ^ 2"              7:32-8:0
NEWLINE      "\n"                 8:0-8:1
DATE         "2024/01/01"         8:1-8:11
WHITESPACE   " "                  8:11-8:12
TEXT         "groceries"          8:12-8:21
WHITESPACE   " "                  8:21-8:22
TEXT         "&"                  8:22-8:23
WHITESPACE   " "                  8:23-8:24
TEXT         "water"              8:24-8:29
WHITESPACE   " "                  8:29-8:30
PIPE         "|"                  8:30-8:31
TEXT         "1 & 2"              8:32-9:0
NEWLINE      "\n"                 9:0-9:1
DATE         "2024/01/01"         9:1-9:11
WHITESPACE   " "                  9:11-9:12
TEXT         "groceries"          9:12-9:21
WHITESPACE   " "                  9:21-9:22
TEXT         "("                  9:22-9:23
WHITESPACE   " "                  9:23-9:24
TEXT         "water"              9:24-9:29
WHITESPACE   " "                  9:29-9:30
PIPE         "|"                  9:30-9:31
TEXT         "1 ( 2"              9:32-10:0
NEWLINE      "\n"                 10:0-10:1
DATE         "2024/01/01"         10:1-10:11
WHITESPACE   " "                  10:11-10:12
TEXT         "groceries"          10:12-10:21
WHITESPACE   " "                  10:21-10:22
TEXT         ")"                  10:22-10:23
WHITESPACE   " "                  10:23-10:24
TEXT         "water"              10:24-10:29
WHITESPACE   " "                  10:29-10:30
PIPE         "|"                  10:30-10:31
TEXT         "1 ) 2"              10:32-11:0
NEWLINE      "\n"                 11:0-11:1
DATE         "2024/01/01"         11:1-11:11
WHITESPACE   " "                  11:11-11:12
TEXT         "groceries"          11:12-11:21
WHITESPACE   " "                  11:21-11:22
TEXT         "["                  11:22-11:23
WHITESPACE   " "                  11:23-11:24
TEXT         "water"              11:24-11:29
WHITESPACE   " "                  11:29-11:30
PIPE         "|"                  11:30-11:31
TEXT         "1 [ 2"              11:32-12:0
NEWLINE      "\n"                 12:0-12:1
DATE         "2024/01/01"         12:1-12:11
WHITESPACE   " "                  12:11-12:12
TEXT         "groceries"          12:12-12:21
WHITESPACE   " "                  12:21-12:22
TEXT         "]"                  12:22-12:23
WHITESPACE   " "                  12:23-12:24
TEXT         "water"              12:24-12:29
WHITESPACE   " "                  12:29-12:30
PIPE         "|"                  12:30-12:31
TEXT         "1 ] 2"              12:32-13:0
NEWLINE      "\n"                 13:0-13:1
DATE         "2024/01/01"         13:1-13:11
WHITESPACE   " "                  13:11-13:12
TEXT         "groceries"          13:12-13:21
WHITESPACE   " "                  13:21-13:22
TEXT         "{"                  13:22-13:23
WHITESPACE   " "                  13:23-13:24
TEXT         "water"              13:24-13:29
WHITESPACE   " "                  13:29-13:30
PIPE         "|"                  13:30-13:31
TEXT         "1 { 2"              13:32-14:0
NEWLINE      "\n"                 14:0-14:1
DATE         "2024/01/01"         14:1-14:11
WHITESPACE   " "                  14:11-14:12
TEXT         "groceries"          14:12-14:21
WHITESPACE   " "                  14:21-14:22
TEXT         "}"                  14:22-14:23
WHITESPACE   " "                  14:23-14:24
TEXT         "water"              14:24-14:29
WHITESPACE   " "                  14:29-14:30
PIPE         "|"                  14:30-14:31
TEXT         "1 } 2"              14:32-15:0
NEWLINE      "\n"                 15:0-15:1
DATE         "2026-06-07"         15:1-15:11
WHITESPACE   " "                  15:11-15:12
STAR         "*"                  15:12-15:13
WHITESPACE   " "                  15:13-15:14
TEXT         "payee"              15:14-15:19
WHITESPACE   " "                  15:19-15:20
TEXT         "!one"               15:20-15:24
WHITESPACE   " "                  15:24-15:25
PIPE         "|"                  15:25-15:26
TEXT         "something *important*" 15:27-16:0
NEWLINE      "\n"                 16:0-16:1
INDENT       "    "               16:1-16:5
TEXT         "expenses:food"      16:5-16:18
WHITESPACE   "  "                 16:18-16:20
DECIMAL      "40.00"              16:20-17:0
NEWLINE      "\n"                 17:0-17:1
INDENT       "    "               17:1-17:5
TEXT         "assets:cash"        17:5-18:0
NEWLINE      "\n"                 18:0-18:1
EOF          ""                   18:1-18:1
