!_TAG_FILE_FORMAT	2	/extended format/
!_TAG_FILE_SORTED	1	/1=sorted/
!_TAG_PROGRAM_NAME	clerk	//
!_TAG_PROGRAM_URL	https://olexsmir.xyz/clerk	//
!_TAG_PROGRAM_VERSION	0.1.0	//
!_TAG_KIND_DESCRIPTION!a	a,account	/account/
!_TAG_KIND_DESCRIPTION!c	c,commodity	/commodity/
!_TAG_KIND_DESCRIPTION!p	p,payee	/payee/
!_TAG_KIND_DESCRIPTION!t	t,tag	/tag/
another	duplicates.journal	/^2025-02-01 "another"$/;"	kind:p	line:9	language:hledger
other	duplicates.journal	/^    other$/;"	kind:a	line:7	language:hledger
test	duplicates.journal	/^account test$/;"	kind:a	line:3	language:hledger
test txn	duplicates.journal	/^2025-01-01 "test txn"$/;"	kind:p	line:5	language:hledger
