!_TAG_FILE_FORMAT	2	/extended format/
!_TAG_FILE_SORTED	1	/1=sorted/
!_TAG_PROGRAM_NAME	clerk	//
!_TAG_PROGRAM_URL	https://olexsmir.xyz/clerk	//
!_TAG_PROGRAM_VERSION	0.1.0	//
!_TAG_KIND_DESCRIPTION!a	a,account	/account/
!_TAG_KIND_DESCRIPTION!c	c,commodity	/commodity/
!_TAG_KIND_DESCRIPTION!p	p,payee	/payee/
!_TAG_KIND_DESCRIPTION!t	t,tag	/tag/
a	pseudo.journal	/^account a$/;"	kind:a	line:1	language:hledger
